// Jest Snapshot v1, https://goo.gl/fbAQLP

exports[`CompareBar renders correctly 1`] = `
.c2 {
  margin: 0;
  font-size: 15px;
  color: #6d6d6d;
  font-weight: 400;
}

.c1 {
  display: -webkit-box;
  display: -webkit-flex;
  display: -ms-flexbox;
  display: flex;
  -webkit-box-pack: justify;
  -webkit-justify-content: space-between;
  -ms-flex-pack: justify;
  justify-content: space-between;
}

.c3 {
  position: relative;
  width: 100%;
}

.c4 {
  position: relative;
  display: -webkit-box;
  display: -webkit-flex;
  display: -ms-flexbox;
  display: flex;
  width: 100%;
}

.c5 {
  position: relative;
  background: #00bcd4;
  height: 20px;
  -webkit-box-flex: 0.4;
  -webkit-flex-grow: 0.4;
  -ms-flex-positive: 0.4;
  flex-grow: 0.4;
}

.c6 {
  position: relative;
  background: #ff4081;
  height: 20px;
  -webkit-box-flex: 0.6000000000000001;
  -webkit-flex-grow: 0.6000000000000001;
  -ms-flex-positive: 0.6000000000000001;
  flex-grow: 0.6000000000000001;
}

.c7 {
  position: absolute;
  top: 3px;
  text-transform: uppercase;
  font-size: 13px;
  left: 10px;
}

.c8 {
  position: absolute;
  top: 3px;
  text-transform: uppercase;
  font-size: 13px;
  right: 10px;
}

.c0 {
  width: 100%;
  padding: 5px 0;
  overflow: hidden;
}

<div
  className="c0"
>
  <div
    className="c1"
  >
    <h4
      className="c2"
    >
      Hello
    </h4>
    <h4
      className="c2"
    >
      World
    </h4>
  </div>
  <div
    className="c3"
  >
    <div
      className="c4"
    >
      <div
        className="c5"
        color="#00bcd4"
      />
      <div
        className="c6"
        color="#ff4081"
      />
    </div>
    <div
      className="c7"
    >
      2
    </div>
    <div
      className="c8"
    >
      3
    </div>
  </div>
</div>
`;
